******************************************************************************
                  TI ARM Linker PC v20.2.7                     
******************************************************************************
>> Linked Tue Jan 30 13:57:39 2024

OUTPUT FILE NAME:   <Lab2.out>
ENTRY POINT SYMBOL: "_c_int00_noargs"  address: 00001e49


MEMORY CONFIGURATION

         name            origin    length      used     unused   attr    fill
----------------------  --------  ---------  --------  --------  ----  --------
  FLASH                 00000000   00040000  00001ffd  0003e003  R  X
  SRAM                  20000000   00008000  000022b9  00005d47  RW X


SEGMENT ALLOCATION MAP

run origin  load origin   length   init length attrs members
----------  ----------- ---------- ----------- ----- -------
00000000    00000000    00002000   00002000    r-x
  00000000    00000000    0000026c   0000026c    r-- .intvecs
  0000026c    0000026c    00001d32   00001d32    r-x .text
  00001f9e    00001f9e    0000000f   0000000f    r-- .const
  00001fb0    00001fb0    00000050   00000050    r-- .cinit
20000000    20000000    000022c0   00000000    rw-
  20000000    20000000    0000026c   00000000    rw- .vtable
  20000270    20000270    00001000   00000000    rw- .stack
  20001270    20001270    00001000   00000000    rw- .sysmem
  20002270    20002270    00000031   00000000    rw- .data
  200022a4    200022a4    0000001c   00000000    rw- .bss


SECTION ALLOCATION MAP

 output                                  attributes/
section   page    origin      length       input sections
--------  ----  ----------  ----------   ----------------
.intvecs   0    00000000    0000026c     
                  00000000    0000026c     tm4c123gh6pm_startup_ccs.obj (.intvecs)

.text      0    0000026c    00001d32     
                  0000026c    00000c20     open_interface.obj (.text)
                  00000e8c    00000394     movement.obj (.text)
                  00001220    00000248     Timer.obj (.text)
                  00001468    000001b6     rtsv7M4_T_le_v4SPD16_eabi.lib : fd_add_t2.asm.obj (.text)
                  0000161e    00000136                                   : fd_div_t2.asm.obj (.text)
                  00001754    00000100                                   : memory.c.obj (.text:aligned_alloc)
                  00001854    000000fc                                   : fd_mul_t2.asm.obj (.text)
                  00001950    000000e4                                   : memory.c.obj (.text:free)
                  00001a34    0000009c                                   : memcpy_t2.asm.obj (.text)
                  00001ad0    00000086                                   : fd_cmp_t2.asm.obj (.text:__aeabi_cdcmple)
                  00001b56    0000007a                                   : memset_t2.asm.obj (.text)
                  00001bd0    00000070                                   : memory.c.obj (.text:split)
                  00001c40    0000006e                                   : fd_tos_t2.asm.obj (.text)
                  00001cae    00000068                                   : copy_decompress_lzss.c.obj (.text:decompress:lzss:__TI_decompress_lzss)
                  00001d16    00000048                                   : fd_toi_t2.asm.obj (.text)
                  00001d5e    00000002                                   : _lock.c.obj (.text:_nop)
                  00001d60    00000044                                   : autoinit.c.obj (.text:__TI_auto_init_nobinit_nopinit:__TI_auto_init_nobinit_nopinit)
                  00001da4    00000038                                   : memory.c.obj (.text:calloc)
                  00001ddc    00000038                                   : fs_tod_t2.asm.obj (.text)
                  00001e14    00000034     driverlib.lib : interrupt.obj (.text:IntRegister)
                  00001e48    00000034     rtsv7M4_T_le_v4SPD16_eabi.lib : boot_cortex_m.c.obj (.text:_c_int00_noargs:_c_int00_noargs)
                  00001e7c    0000002e                                   : i_tofd_t2.asm.obj (.text)
                  00001eaa    00000002     --HOLE-- [fill = 0]
                  00001eac    00000028                                   : memory.c.obj (.text:free_list_insert)
                  00001ed4    0000001c                                   : copy_zero_init.c.obj (.text:decompress:ZI:__TI_zero_init_nomemset:__TI_zero_init_nomemset)
                  00001ef0    0000001c                                   : memory.c.obj (.text:free_list_remove)
                  00001f0c    0000001c     main.obj (.text)
                  00001f28    00000018     open_interface.obj (.text:oi_parseInt)
                  00001f40    00000018     rtsv7M4_T_le_v4SPD16_eabi.lib : strcmp.c.obj (.text:strcmp)
                  00001f58    00000010     driverlib.lib : interrupt.obj (.text:IntMasterEnable)
                  00001f68    0000000e     rtsv7M4_T_le_v4SPD16_eabi.lib : copy_decompress_none.c.obj (.text:decompress:none:__TI_decompress_none)
                  00001f76    0000000c     driverlib.lib : cpu.obj (.text:CPUcpsie)
                  00001f82    0000000c     tm4c123gh6pm_startup_ccs.obj (.text)
                  00001f8e    00000008     rtsv7M4_T_le_v4SPD16_eabi.lib : memory.c.obj (.text:malloc)
                  00001f96    00000004                                   : pre_init.c.obj (.text:_system_pre_init)
                  00001f9a    00000004                                   : exit.c.obj (.text:abort:abort)

.const     0    00001f9e    0000000f     
                  00001f9e    0000000f     open_interface.obj (.const:.string:$P$T0$3)

.cinit     0    00001fb0    00000050     
                  00001fb0    00000018     (.cinit..data.load) [load image, compression = lzss]
                  00001fc8    0000000c     (__TI_handler_table)
                  00001fd4    00000004     --HOLE-- [fill = 0]
                  00001fd8    00000008     (.cinit..bss.load) [load image, compression = zero_init]
                  00001fe0    00000008     (.cinit..vtable.load) [load image, compression = zero_init]
                  00001fe8    00000018     (__TI_cinit_table)

.init_array 
*          0    00000000    00000000     UNINITIALIZED

.vtable    0    20000000    0000026c     UNINITIALIZED
                  20000000    0000026c     driverlib.lib : interrupt.obj (.vtable)

.stack     0    20000270    00001000     UNINITIALIZED
                  20000270    00000004     rtsv7M4_T_le_v4SPD16_eabi.lib : boot_cortex_m.c.obj (.stack)
                  20000274    00000ffc     --HOLE--

.sysmem    0    20001270    00001000     UNINITIALIZED
                  20001270    00000010     rtsv7M4_T_le_v4SPD16_eabi.lib : memory.c.obj (.sysmem)
                  20001280    00000ff0     --HOLE--

.data      0    20002270    00000031     UNINITIALIZED
                  20002270    00000020     open_interface.obj (.data)
                  20002290    00000008     rtsv7M4_T_le_v4SPD16_eabi.lib : _lock.c.obj (.data:$O1$$)
                  20002298    00000008                                   : memory.c.obj (.data:$O1$$)
                  200022a0    00000001     Timer.obj (.data)

.bss       0    200022a4    0000001c     UNINITIALIZED
                  200022a4    00000018     open_interface.obj (.bss:firmware$2)
                  200022bc    00000004     (.common:_timeout_ticks)

__llvm_prf_cnts 
*          0    20000000    00000000     UNINITIALIZED

MODULE SUMMARY

       Module                         code   ro data   rw data
       ------                         ----   -------   -------
    .\
       open_interface.obj             3128   15        56     
       movement.obj                   916    0         0      
       tm4c123gh6pm_startup_ccs.obj   12     620       0      
       Timer.obj                      584    0         5      
       main.obj                       28     0         0      
    +--+------------------------------+------+---------+---------+
       Total:                         4668   635       61     
                                                              
    C:/ti/TivaWare_C_Series-2.2.0.295/driverlib/ccs/Debug/driverlib.lib
       interrupt.obj                  68     0         620    
       cpu.obj                        12     0         0      
    +--+------------------------------+------+---------+---------+
       Total:                         80     0         620    
                                                              
    C:\ti\ccs1230\ccs\tools\compiler\ti-cgt-arm_20.2.7.LTS\lib\rtsv7M4_T_le_v4SPD16_eabi.lib
       memory.c.obj                   728    0         8      
       fd_add_t2.asm.obj              438    0         0      
       fd_div_t2.asm.obj              310    0         0      
       fd_mul_t2.asm.obj              252    0         0      
       memcpy_t2.asm.obj              156    0         0      
       fd_cmp_t2.asm.obj              134    0         0      
       memset_t2.asm.obj              122    0         0      
       fd_tos_t2.asm.obj              110    0         0      
       copy_decompress_lzss.c.obj     104    0         0      
       fd_toi_t2.asm.obj              72     0         0      
       autoinit.c.obj                 68     0         0      
       fs_tod_t2.asm.obj              56     0         0      
       boot_cortex_m.c.obj            52     0         0      
       i_tofd_t2.asm.obj              46     0         0      
       copy_zero_init.c.obj           28     0         0      
       strcmp.c.obj                   24     0         0      
       copy_decompress_none.c.obj     14     0         0      
       _lock.c.obj                    2      0         8      
       exit.c.obj                     4      0         0      
       pre_init.c.obj                 4      0         0      
    +--+------------------------------+------+---------+---------+
       Total:                         2724   0         16     
                                                              
       Heap:                          0      0         4096   
       Stack:                         0      0         4096   
       Linker Generated:              0      76        0      
    +--+------------------------------+------+---------+---------+
       Grand Total:                   7472   711       8889   


LINKER GENERATED COPY TABLES

__TI_cinit_table @ 00001fe8 records: 3, size/record: 8, table size: 24
	.data: load addr=00001fb0, load size=00000018 bytes, run addr=20002270, run size=00000031 bytes, compression=lzss
	.bss: load addr=00001fd8, load size=00000008 bytes, run addr=200022a4, run size=0000001c bytes, compression=zero_init
	.vtable: load addr=00001fe0, load size=00000008 bytes, run addr=20000000, run size=0000026c bytes, compression=zero_init


LINKER GENERATED HANDLER TABLE

__TI_handler_table @ 00001fc8 records: 3, size/record: 4, table size: 12
	index: 0, handler: __TI_zero_init
	index: 1, handler: __TI_decompress_lzss
	index: 2, handler: __TI_decompress_none


GLOBAL SYMBOLS: SORTED ALPHABETICALLY BY Name 

address   name                          
-------   ----                          
00001f9b  C$$EXIT                       
00001f77  CPUcpsie                      
00000bc3  GPIOF_Handler                 
00001f59  IntMasterEnable               
00001e15  IntRegister                   
00001f83  ResetISR                      
20001270  __STACK_END                   
00001000  __STACK_SIZE                  
20000470  __STACK_TOP                   
00001000  __SYSMEM_SIZE                 
00001fe8  __TI_CINIT_Base               
00002000  __TI_CINIT_Limit              
00001fc8  __TI_Handler_Table_Base       
00001fd4  __TI_Handler_Table_Limit      
00001d61  __TI_auto_init_nobinit_nopinit
00001caf  __TI_decompress_lzss          
00001f69  __TI_decompress_none          
ffffffff  __TI_pprof_out_hndl           
ffffffff  __TI_prof_data_size           
ffffffff  __TI_prof_data_start          
00000000  __TI_static_base__            
00001ed5  __TI_zero_init_nomemset       
00001ad1  __aeabi_cdcmpeq               
00001ad1  __aeabi_cdcmple               
00001c41  __aeabi_d2f                   
00001d17  __aeabi_d2iz                  
00001473  __aeabi_dadd                  
0000161f  __aeabi_ddiv                  
00001855  __aeabi_dmul                  
00001469  __aeabi_dsub                  
00001ddd  __aeabi_f2d                   
00001e7d  __aeabi_i2d                   
00001b57  __aeabi_memclr                
00001b57  __aeabi_memclr4               
00001b57  __aeabi_memclr8               
00001a35  __aeabi_memcpy                
00001a35  __aeabi_memcpy4               
00001a35  __aeabi_memcpy8               
00001b59  __aeabi_memset                
00001b59  __aeabi_memset4               
00001b59  __aeabi_memset8               
ffffffff  __binit__                     
ffffffff  __c_args__                    
UNDEFED   __mpu_init                    
20000270  __stack                       
20000000  __start___llvm_prf_cnts       
20000000  __stop___llvm_prf_cnts        
00001e49  _c_int00_noargs               
20002290  _lock                         
00001d5f  _nop                          
200022a0  _running                      
20001270  _sys_memory                   
UNDEFED   _system_post_cinit            
00001f97  _system_pre_init              
200022bc  _timeout_ticks                
20002294  _unlock                       
00001f9b  abort                         
00001755  aligned_alloc                 
000010c3  avoidance                     
ffffffff  binit                         
00001da5  calloc                        
00001951  free                          
20000000  g_pfnRAMVectors               
00000000  g_pfnVectors                  
0000097f  go_charge                     
00001f0d  main                          
00001f8f  malloc                        
00001755  memalign                      
00001a35  memcpy                        
00001b5f  memset                        
20002270  motor_cal_factor_L            
20002274  motor_cal_factor_R            
00000ef5  move_backward                 
00000e8d  move_forward                  
0000026d  oi_alloc                      
00000aa9  oi_checkFirmware              
000002c7  oi_close                      
00000279  oi_free                       
00000ded  oi_getMotorCalibrationLeft    
00000e01  oi_getMotorCalibrationRight   
000002b1  oi_init                       
00000289  oi_init_noupdate              
00000915  oi_loadSong                   
00001f29  oi_parseInt                   
0000032b  oi_parsePacket                
0000096b  oi_play_song                  
0000084b  oi_setLeds                    
00000db1  oi_setMotorCalibration        
0000088f  oi_setWheels                  
00000b51  oi_shutoff_init               
0000098d  oi_uartInit                   
00000a31  oi_uartReceive                
00000a77  oi_uartSendBuff               
00000a15  oi_uartSendChar               
00000a59  oi_uartSendStr                
000002d9  oi_update                     
0000104d  square                        
00001f41  strcmp                        
0000133f  timer_getMicros               
000012e7  timer_getMillis               
00001221  timer_init                    
000012c3  timer_pause                   
000012d5  timer_resume                  
00001299  timer_stop                    
00001399  timer_waitMicros              
000013cb  timer_waitMillis              
00000fe7  turn_left                     
00000f6f  turn_right                    
00001151  two_meter_race                


GLOBAL SYMBOLS: SORTED BY Symbol Address 

address   name                          
-------   ----                          
00000000  __TI_static_base__            
00000000  g_pfnVectors                  
0000026d  oi_alloc                      
00000279  oi_free                       
00000289  oi_init_noupdate              
000002b1  oi_init                       
000002c7  oi_close                      
000002d9  oi_update                     
0000032b  oi_parsePacket                
0000084b  oi_setLeds                    
0000088f  oi_setWheels                  
00000915  oi_loadSong                   
0000096b  oi_play_song                  
0000097f  go_charge                     
0000098d  oi_uartInit                   
00000a15  oi_uartSendChar               
00000a31  oi_uartReceive                
00000a59  oi_uartSendStr                
00000a77  oi_uartSendBuff               
00000aa9  oi_checkFirmware              
00000b51  oi_shutoff_init               
00000bc3  GPIOF_Handler                 
00000db1  oi_setMotorCalibration        
00000ded  oi_getMotorCalibrationLeft    
00000e01  oi_getMotorCalibrationRight   
00000e8d  move_forward                  
00000ef5  move_backward                 
00000f6f  turn_right                    
00000fe7  turn_left                     
00001000  __STACK_SIZE                  
00001000  __SYSMEM_SIZE                 
0000104d  square                        
000010c3  avoidance                     
00001151  two_meter_race                
00001221  timer_init                    
00001299  timer_stop                    
000012c3  timer_pause                   
000012d5  timer_resume                  
000012e7  timer_getMillis               
0000133f  timer_getMicros               
00001399  timer_waitMicros              
000013cb  timer_waitMillis              
00001469  __aeabi_dsub                  
00001473  __aeabi_dadd                  
0000161f  __aeabi_ddiv                  
00001755  aligned_alloc                 
00001755  memalign                      
00001855  __aeabi_dmul                  
00001951  free                          
00001a35  __aeabi_memcpy                
00001a35  __aeabi_memcpy4               
00001a35  __aeabi_memcpy8               
00001a35  memcpy                        
00001ad1  __aeabi_cdcmpeq               
00001ad1  __aeabi_cdcmple               
00001b57  __aeabi_memclr                
00001b57  __aeabi_memclr4               
00001b57  __aeabi_memclr8               
00001b59  __aeabi_memset                
00001b59  __aeabi_memset4               
00001b59  __aeabi_memset8               
00001b5f  memset                        
00001c41  __aeabi_d2f                   
00001caf  __TI_decompress_lzss          
00001d17  __aeabi_d2iz                  
00001d5f  _nop                          
00001d61  __TI_auto_init_nobinit_nopinit
00001da5  calloc                        
00001ddd  __aeabi_f2d                   
00001e15  IntRegister                   
00001e49  _c_int00_noargs               
00001e7d  __aeabi_i2d                   
00001ed5  __TI_zero_init_nomemset       
00001f0d  main                          
00001f29  oi_parseInt                   
00001f41  strcmp                        
00001f59  IntMasterEnable               
00001f69  __TI_decompress_none          
00001f77  CPUcpsie                      
00001f83  ResetISR                      
00001f8f  malloc                        
00001f97  _system_pre_init              
00001f9b  C$$EXIT                       
00001f9b  abort                         
00001fc8  __TI_Handler_Table_Base       
00001fd4  __TI_Handler_Table_Limit      
00001fe8  __TI_CINIT_Base               
00002000  __TI_CINIT_Limit              
20000000  __start___llvm_prf_cnts       
20000000  __stop___llvm_prf_cnts        
20000000  g_pfnRAMVectors               
20000270  __stack                       
20000470  __STACK_TOP                   
20001270  __STACK_END                   
20001270  _sys_memory                   
20002270  motor_cal_factor_L            
20002274  motor_cal_factor_R            
20002290  _lock                         
20002294  _unlock                       
200022a0  _running                      
200022bc  _timeout_ticks                
ffffffff  __TI_pprof_out_hndl           
ffffffff  __TI_prof_data_size           
ffffffff  __TI_prof_data_start          
ffffffff  __binit__                     
ffffffff  __c_args__                    
ffffffff  binit                         
UNDEFED   __mpu_init                    
UNDEFED   _system_post_cinit            

[109 symbols]
